Archive member included because of file (symbol)

c:/winavr-20100110/bin/../lib/gcc/avr/4.3.3/avr5\libgcc.a(_exit.o)
                              c:/winavr-20100110/bin/../lib/gcc/avr/4.3.3/../../../../avr/lib/avr5/crtm16.o (exit)
c:/winavr-20100110/bin/../lib/gcc/avr/4.3.3/avr5\libgcc.a(_copy_data.o)
                              main.o (__do_copy_data)
c:/winavr-20100110/bin/../lib/gcc/avr/4.3.3/avr5\libgcc.a(_clear_bss.o)
                              main.o (__do_clear_bss)

Allocating common symbols
Common symbol       size              file

etat                0x1               main.o
pulse_widths        0x10              servo.o
pulse_widths_old    0x10              servo.o

Memory Configuration

Name             Origin             Length             Attributes
text             0x00000000         0x00020000         xr
data             0x00800060         0x0000ffa0         rw !x
eeprom           0x00810000         0x00010000         rw !x
fuse             0x00820000         0x00000400         rw !x
lock             0x00830000         0x00000400         rw !x
signature        0x00840000         0x00000400         rw !x
*default*        0x00000000         0xffffffff

Linker script and memory map

LOAD c:/winavr-20100110/bin/../lib/gcc/avr/4.3.3/../../../../avr/lib/avr5/crtm16.o
LOAD USART.o
LOAD main.o
LOAD servo.o
LOAD IR.o
LOAD biblio.o
LOAD c:/winavr-20100110/bin/../lib/gcc/avr/4.3.3/avr5\libgcc.a
LOAD c:/winavr-20100110/bin/../lib/gcc/avr/4.3.3/../../../../avr/lib/avr5\libc.a
LOAD c:/winavr-20100110/bin/../lib/gcc/avr/4.3.3/avr5\libgcc.a

.hash
 *(.hash)

.dynsym
 *(.dynsym)

.dynstr
 *(.dynstr)

.gnu.version
 *(.gnu.version)

.gnu.version_d
 *(.gnu.version_d)

.gnu.version_r
 *(.gnu.version_r)

.rel.init
 *(.rel.init)

.rela.init
 *(.rela.init)

.rel.text
 *(.rel.text)
 *(.rel.text.*)
 *(.rel.gnu.linkonce.t*)

.rela.text
 *(.rela.text)
 *(.rela.text.*)
 *(.rela.gnu.linkonce.t*)

.rel.fini
 *(.rel.fini)

.rela.fini
 *(.rela.fini)

.rel.rodata
 *(.rel.rodata)
 *(.rel.rodata.*)
 *(.rel.gnu.linkonce.r*)

.rela.rodata
 *(.rela.rodata)
 *(.rela.rodata.*)
 *(.rela.gnu.linkonce.r*)

.rel.data
 *(.rel.data)
 *(.rel.data.*)
 *(.rel.gnu.linkonce.d*)

.rela.data
 *(.rela.data)
 *(.rela.data.*)
 *(.rela.gnu.linkonce.d*)

.rel.ctors
 *(.rel.ctors)

.rela.ctors
 *(.rela.ctors)

.rel.dtors
 *(.rel.dtors)

.rela.dtors
 *(.rela.dtors)

.rel.got
 *(.rel.got)

.rela.got
 *(.rela.got)

.rel.bss
 *(.rel.bss)

.rela.bss
 *(.rela.bss)

.rel.plt
 *(.rel.plt)

.rela.plt
 *(.rela.plt)

.text           0x00000000      0xe54
 *(.vectors)
 .vectors       0x00000000       0x54 c:/winavr-20100110/bin/../lib/gcc/avr/4.3.3/../../../../avr/lib/avr5/crtm16.o
                0x00000000                __vectors
                0x00000000                __vector_default
 *(.vectors)
 *(.progmem.gcc*)
 *(.progmem*)
                0x00000054                . = ALIGN (0x2)
                0x00000054                __trampolines_start = .
 *(.trampolines)
 .trampolines   0x00000054        0x0 linker stubs
 *(.trampolines*)
                0x00000054                __trampolines_end = .
 *(.jumptables)
 *(.jumptables*)
 *(.lowtext)
 *(.lowtext*)
                0x00000054                __ctors_start = .
 *(.ctors)
                0x00000054                __ctors_end = .
                0x00000054                __dtors_start = .
 *(.dtors)
                0x00000054                __dtors_end = .
 SORT(*)(.ctors)
 SORT(*)(.dtors)
 *(.init0)
 .init0         0x00000054        0x0 c:/winavr-20100110/bin/../lib/gcc/avr/4.3.3/../../../../avr/lib/avr5/crtm16.o
                0x00000054                __init
 *(.init0)
 *(.init1)
 *(.init1)
 *(.init2)
 .init2         0x00000054        0xc c:/winavr-20100110/bin/../lib/gcc/avr/4.3.3/../../../../avr/lib/avr5/crtm16.o
 *(.init2)
 *(.init3)
 *(.init3)
 *(.init4)
 .init4         0x00000060       0x16 c:/winavr-20100110/bin/../lib/gcc/avr/4.3.3/avr5\libgcc.a(_copy_data.o)
                0x00000060                __do_copy_data
 .init4         0x00000076       0x10 c:/winavr-20100110/bin/../lib/gcc/avr/4.3.3/avr5\libgcc.a(_clear_bss.o)
                0x00000076                __do_clear_bss
 *(.init4)
 *(.init5)
 *(.init5)
 *(.init6)
 *(.init6)
 *(.init7)
 *(.init7)
 *(.init8)
 *(.init8)
 *(.init9)
 .init9         0x00000086        0x8 c:/winavr-20100110/bin/../lib/gcc/avr/4.3.3/../../../../avr/lib/avr5/crtm16.o
 *(.init9)
 *(.text)
 .text          0x0000008e        0x4 c:/winavr-20100110/bin/../lib/gcc/avr/4.3.3/../../../../avr/lib/avr5/crtm16.o
                0x0000008e                __vector_1
                0x0000008e                __vector_12
                0x0000008e                __bad_interrupt
                0x0000008e                __vector_3
                0x0000008e                __vector_11
                0x0000008e                __vector_13
                0x0000008e                __vector_17
                0x0000008e                __vector_19
                0x0000008e                __vector_5
                0x0000008e                __vector_4
                0x0000008e                __vector_9
                0x0000008e                __vector_2
                0x0000008e                __vector_15
                0x0000008e                __vector_8
                0x0000008e                __vector_14
                0x0000008e                __vector_10
                0x0000008e                __vector_16
                0x0000008e                __vector_18
                0x0000008e                __vector_20
 .text          0x00000092       0x48 USART.o
                0x000000a8                USARTWriteChar
                0x000000a0                USARTReadChar
                0x00000092                USARTInit
                0x000000b0                USART_newline
                0x000000c2                USARTWrite_S_Char
 .text          0x000000da       0xaa main.o
                0x0000010a                config_interface
                0x000000da                config_timer1
                0x0000011c                main
                0x000000fe                config_timer0
 .text          0x00000184      0x4a8 servo.o
                0x0000033a                set_down_fast
                0x000003d6                move_b_fast
                0x000005b6                swim_f
                0x00000184                __vector_6
                0x000004c0                hello_f
                0x0000027c                move_servo
                0x00000424                move_l_fast
                0x00000388                move_f_fast
                0x00000204                __vector_7
                0x00000540                gang_f
                0x000002f4                stand_up_fast
                0x00000472                move_r_fast
 .text          0x0000062c      0x138 IR.o
                0x000006ca                ordre_quad
                0x0000062c                read_IR
 .text          0x00000764      0x6ec biblio.o
                0x0000090c                pos_ip3
                0x00000764                hiphop
                0x0000098e                pos_3
                0x0000092c                pos_ip2
                0x00000c62                hello
                0x00000af2                gang_style
                0x000009f4                gang_style_2
                0x00000c88                move_right
                0x00000cb2                move_left
                0x000009d2                stand_up
                0x00000d30                move_to
                0x00000ac6                turn
                0x0000088a                pos_repo
                0x0000085c                move_p_A
                0x00000d06                move_forward
                0x00000c40                swim
                0x000009b0                set_down
                0x00000800                move_p_C
                0x000008ec                pos_ip4
                0x0000082e                move_p_B
                0x0000096c                pos_4
                0x0000094c                pos_ip1
                0x00000cdc                move_backward
                0x000007d2                move_p_D
 .text          0x00000e50        0x0 c:/winavr-20100110/bin/../lib/gcc/avr/4.3.3/avr5\libgcc.a(_exit.o)
 .text          0x00000e50        0x0 c:/winavr-20100110/bin/../lib/gcc/avr/4.3.3/avr5\libgcc.a(_copy_data.o)
 .text          0x00000e50        0x0 c:/winavr-20100110/bin/../lib/gcc/avr/4.3.3/avr5\libgcc.a(_clear_bss.o)
                0x00000e50                . = ALIGN (0x2)
 *(.text.*)
 .text.libgcc   0x00000e50        0x0 c:/winavr-20100110/bin/../lib/gcc/avr/4.3.3/avr5\libgcc.a(_exit.o)
 .text.libgcc   0x00000e50        0x0 c:/winavr-20100110/bin/../lib/gcc/avr/4.3.3/avr5\libgcc.a(_copy_data.o)
 .text.libgcc   0x00000e50        0x0 c:/winavr-20100110/bin/../lib/gcc/avr/4.3.3/avr5\libgcc.a(_clear_bss.o)
                0x00000e50                . = ALIGN (0x2)
 *(.fini9)
 .fini9         0x00000e50        0x0 c:/winavr-20100110/bin/../lib/gcc/avr/4.3.3/avr5\libgcc.a(_exit.o)
                0x00000e50                exit
                0x00000e50                _exit
 *(.fini9)
 *(.fini8)
 *(.fini8)
 *(.fini7)
 *(.fini7)
 *(.fini6)
 *(.fini6)
 *(.fini5)
 *(.fini5)
 *(.fini4)
 *(.fini4)
 *(.fini3)
 *(.fini3)
 *(.fini2)
 *(.fini2)
 *(.fini1)
 *(.fini1)
 *(.fini0)
 .fini0         0x00000e50        0x4 c:/winavr-20100110/bin/../lib/gcc/avr/4.3.3/avr5\libgcc.a(_exit.o)
 *(.fini0)
                0x00000e54                _etext = .

.data           0x00800060      0x178 load address 0x00000e54
                0x00800060                PROVIDE (__data_start, .)
 *(.data)
 .data          0x00800060        0x0 c:/winavr-20100110/bin/../lib/gcc/avr/4.3.3/../../../../avr/lib/avr5/crtm16.o
 .data          0x00800060        0x0 USART.o
 .data          0x00800060       0x59 main.o
 .data          0x008000b9        0x0 servo.o
 .data          0x008000b9       0x1c IR.o
 .data          0x008000d5      0x103 biblio.o
 .data          0x008001d8        0x0 c:/winavr-20100110/bin/../lib/gcc/avr/4.3.3/avr5\libgcc.a(_exit.o)
 .data          0x008001d8        0x0 c:/winavr-20100110/bin/../lib/gcc/avr/4.3.3/avr5\libgcc.a(_copy_data.o)
 .data          0x008001d8        0x0 c:/winavr-20100110/bin/../lib/gcc/avr/4.3.3/avr5\libgcc.a(_clear_bss.o)
 *(.data*)
 *(.rodata)
 *(.rodata*)
 *(.gnu.linkonce.d*)
                0x008001d8                . = ALIGN (0x2)
                0x008001d8                _edata = .
                0x008001d8                PROVIDE (__data_end, .)

.bss            0x008001d8       0x22
                0x008001d8                PROVIDE (__bss_start, .)
 *(.bss)
 .bss           0x008001d8        0x0 c:/winavr-20100110/bin/../lib/gcc/avr/4.3.3/../../../../avr/lib/avr5/crtm16.o
 .bss           0x008001d8        0x0 USART.o
 .bss           0x008001d8        0x0 main.o
 .bss           0x008001d8        0x1 servo.o
                0x008001d8                cur_servo
 .bss           0x008001d9        0x0 IR.o
 .bss           0x008001d9        0x0 biblio.o
 .bss           0x008001d9        0x0 c:/winavr-20100110/bin/../lib/gcc/avr/4.3.3/avr5\libgcc.a(_exit.o)
 .bss           0x008001d9        0x0 c:/winavr-20100110/bin/../lib/gcc/avr/4.3.3/avr5\libgcc.a(_copy_data.o)
 .bss           0x008001d9        0x0 c:/winavr-20100110/bin/../lib/gcc/avr/4.3.3/avr5\libgcc.a(_clear_bss.o)
 *(.bss*)
 *(COMMON)
 COMMON         0x008001d9        0x1 main.o
                0x008001d9                etat
 COMMON         0x008001da       0x20 servo.o
                0x008001da                pulse_widths
                0x008001ea                pulse_widths_old
                0x008001fa                PROVIDE (__bss_end, .)
                0x00000e54                __data_load_start = LOADADDR (.data)
                0x00000fcc                __data_load_end = (__data_load_start + SIZEOF (.data))

.noinit         0x008001fa        0x0
                0x008001fa                PROVIDE (__noinit_start, .)
 *(.noinit*)
                0x008001fa                PROVIDE (__noinit_end, .)
                0x008001fa                _end = .
                0x008001fa                PROVIDE (__heap_start, .)

.eeprom         0x00810000        0x0
 *(.eeprom*)
                0x00810000                __eeprom_end = .

.fuse
 *(.fuse)
 *(.lfuse)
 *(.hfuse)
 *(.efuse)

.lock
 *(.lock*)

.signature
 *(.signature*)

.stab
 *(.stab)

.stabstr
 *(.stabstr)

.stab.excl
 *(.stab.excl)

.stab.exclstr
 *(.stab.exclstr)

.stab.index
 *(.stab.index)

.stab.indexstr
 *(.stab.indexstr)

.comment
 *(.comment)

.debug
 *(.debug)

.line
 *(.line)

.debug_srcinfo
 *(.debug_srcinfo)

.debug_sfnames
 *(.debug_sfnames)

.debug_aranges  0x00000000       0xa0
 *(.debug_aranges)
 .debug_aranges
                0x00000000       0x20 USART.o
 .debug_aranges
                0x00000020       0x20 main.o
 .debug_aranges
                0x00000040       0x20 servo.o
 .debug_aranges
                0x00000060       0x20 IR.o
 .debug_aranges
                0x00000080       0x20 biblio.o

.debug_pubnames
                0x00000000      0x346
 *(.debug_pubnames)
 .debug_pubnames
                0x00000000       0x6d USART.o
 .debug_pubnames
                0x0000006d       0x5d main.o
 .debug_pubnames
                0x000000ca       0xf9 servo.o
 .debug_pubnames
                0x000001c3       0x36 IR.o
 .debug_pubnames
                0x000001f9      0x14d biblio.o

.debug_info     0x00000000      0xb42
 *(.debug_info)
 .debug_info    0x00000000      0x174 USART.o
 .debug_info    0x00000174      0x120 main.o
 .debug_info    0x00000294      0x492 servo.o
 .debug_info    0x00000726       0xff IR.o
 .debug_info    0x00000825      0x31d biblio.o
 *(.gnu.linkonce.wi.*)

.debug_abbrev   0x00000000      0x44f
 *(.debug_abbrev)
 .debug_abbrev  0x00000000       0xf4 USART.o
 .debug_abbrev  0x000000f4       0xb2 main.o
 .debug_abbrev  0x000001a6      0x162 servo.o
 .debug_abbrev  0x00000308       0x96 IR.o
 .debug_abbrev  0x0000039e       0xb1 biblio.o

.debug_line     0x00000000     0x11df
 *(.debug_line)
 .debug_line    0x00000000      0x163 USART.o
 .debug_line    0x00000163      0x19f main.o
 .debug_line    0x00000302      0x57f servo.o
 .debug_line    0x00000881      0x1a3 IR.o
 .debug_line    0x00000a24      0x7bb biblio.o

.debug_frame    0x00000000      0x340
 *(.debug_frame)
 .debug_frame   0x00000000       0x60 USART.o
 .debug_frame   0x00000060       0x50 main.o
 .debug_frame   0x000000b0       0xd0 servo.o
 .debug_frame   0x00000180       0x30 IR.o
 .debug_frame   0x000001b0      0x190 biblio.o

.debug_str      0x00000000      0x388
 *(.debug_str)
 .debug_str     0x00000000       0xed USART.o
                                0x126 (size before relaxing)
 .debug_str     0x000000ed       0x94 main.o
                                0x112 (size before relaxing)
 .debug_str     0x00000181       0xf8 servo.o
                                0x1ac (size before relaxing)
 .debug_str     0x00000279       0x31 IR.o
                                 0xfc (size before relaxing)
 .debug_str     0x000002aa       0xde biblio.o
                                0x193 (size before relaxing)

.debug_loc      0x00000000      0x39e
 *(.debug_loc)
 .debug_loc     0x00000000       0x40 USART.o
 .debug_loc     0x00000040       0x1e main.o
 .debug_loc     0x0000005e      0x140 servo.o
 .debug_loc     0x0000019e       0x98 IR.o
 .debug_loc     0x00000236      0x168 biblio.o

.debug_macinfo
 *(.debug_macinfo)
OUTPUT(USART.elf elf32-avr)
LOAD linker stubs

.debug_ranges   0x00000000       0xa8
 .debug_ranges  0x00000000       0x18 USART.o
 .debug_ranges  0x00000018       0x90 servo.o
